[2020-01-23T02:51:21.873+0200][gc,heap] Heap region size: 1M
[2020-01-23T02:51:21.900+0200][gc     ] Using G1
[2020-01-23T02:51:21.900+0200][gc,heap,coops] Heap address: 0x00000000c0000000, size: 1024 MB, Compressed Oops mode: 32-bit
[2020-01-23T02:51:21.900+0200][gc,cds       ] Mark closed archive regions in map: [0x00000000fff00000, 0x00000000fff69ff8]
[2020-01-23T02:51:21.900+0200][gc,cds       ] Mark open archive regions in map: [0x00000000ffe00000, 0x00000000ffe43ff8]
[2020-01-23T02:51:22.913+0200][gc,start     ] GC(0) Pause Young (Normal) (G1 Evacuation Pause)
[2020-01-23T02:51:22.914+0200][gc,task      ] GC(0) Using 8 workers of 8 for evacuation
[2020-01-23T02:51:22.922+0200][gc,phases    ] GC(0)   Pre Evacuate Collection Set: 0,0ms
[2020-01-23T02:51:22.922+0200][gc,phases    ] GC(0)   Evacuate Collection Set: 8,0ms
[2020-01-23T02:51:22.922+0200][gc,phases    ] GC(0)   Post Evacuate Collection Set: 0,4ms
[2020-01-23T02:51:22.922+0200][gc,phases    ] GC(0)   Other: 0,9ms
[2020-01-23T02:51:22.922+0200][gc,heap      ] GC(0) Eden regions: 51->0(44)
[2020-01-23T02:51:22.922+0200][gc,heap      ] GC(0) Survivor regions: 0->7(7)
[2020-01-23T02:51:22.922+0200][gc,heap      ] GC(0) Old regions: 2->2
[2020-01-23T02:51:22.922+0200][gc,heap      ] GC(0) Humongous regions: 0->0
[2020-01-23T02:51:22.922+0200][gc,metaspace ] GC(0) Metaspace: 15852K->15852K(1062912K)
[2020-01-23T02:51:22.923+0200][gc           ] GC(0) Pause Young (Normal) (G1 Evacuation Pause) 51M->7M(1024M) 9,512ms
[2020-01-23T02:51:22.923+0200][gc,cpu       ] GC(0) User=0,06s Sys=0,00s Real=0,01s
[2020-01-23T02:51:23.141+0200][gc,start     ] GC(1) Pause Young (Concurrent Start) (Metadata GC Threshold)
[2020-01-23T02:51:23.141+0200][gc,task      ] GC(1) Using 8 workers of 8 for evacuation
[2020-01-23T02:51:23.149+0200][gc,phases    ] GC(1)   Pre Evacuate Collection Set: 0,0ms
[2020-01-23T02:51:23.149+0200][gc,phases    ] GC(1)   Evacuate Collection Set: 8,1ms
[2020-01-23T02:51:23.149+0200][gc,phases    ] GC(1)   Post Evacuate Collection Set: 0,3ms
[2020-01-23T02:51:23.149+0200][gc,phases    ] GC(1)   Other: 0,2ms
[2020-01-23T02:51:23.149+0200][gc,heap      ] GC(1) Eden regions: 18->0(50)
[2020-01-23T02:51:23.149+0200][gc,heap      ] GC(1) Survivor regions: 7->1(7)
[2020-01-23T02:51:23.149+0200][gc,heap      ] GC(1) Old regions: 2->9
[2020-01-23T02:51:23.149+0200][gc,heap      ] GC(1) Humongous regions: 0->0
[2020-01-23T02:51:23.149+0200][gc,metaspace ] GC(1) Metaspace: 20335K->20335K(1067008K)
[2020-01-23T02:51:23.149+0200][gc           ] GC(1) Pause Young (Concurrent Start) (Metadata GC Threshold) 24M->8M(1024M) 8,745ms
[2020-01-23T02:51:23.149+0200][gc,cpu       ] GC(1) User=0,04s Sys=0,01s Real=0,01s
[2020-01-23T02:51:23.149+0200][gc           ] GC(2) Concurrent Cycle
[2020-01-23T02:51:23.149+0200][gc,marking   ] GC(2) Concurrent Clear Claimed Marks
[2020-01-23T02:51:23.150+0200][gc,marking   ] GC(2) Concurrent Clear Claimed Marks 0,023ms
[2020-01-23T02:51:23.150+0200][gc,marking   ] GC(2) Concurrent Scan Root Regions
[2020-01-23T02:51:23.150+0200][gc,marking   ] GC(2) Concurrent Scan Root Regions 0,761ms
[2020-01-23T02:51:23.150+0200][gc,marking   ] GC(2) Concurrent Mark (1,287s)
[2020-01-23T02:51:23.150+0200][gc,marking   ] GC(2) Concurrent Mark From Roots
[2020-01-23T02:51:23.150+0200][gc,task      ] GC(2) Using 2 workers of 2 for marking
[2020-01-23T02:51:23.158+0200][gc,marking   ] GC(2) Concurrent Mark From Roots 7,373ms
[2020-01-23T02:51:23.158+0200][gc,marking   ] GC(2) Concurrent Preclean
[2020-01-23T02:51:23.158+0200][gc,marking   ] GC(2) Concurrent Preclean 0,245ms
[2020-01-23T02:51:23.158+0200][gc,marking   ] GC(2) Concurrent Mark (1,287s, 1,295s) 7,670ms
[2020-01-23T02:51:23.158+0200][gc,start     ] GC(2) Pause Remark
[2020-01-23T02:51:23.160+0200][gc,stringtable] GC(2) Cleaned string and symbol table, strings: 4873 processed, 0 removed, symbols: 50136 processed, 55 removed
[2020-01-23T02:51:23.160+0200][gc            ] GC(2) Pause Remark 8M->8M(1024M) 2,042ms
[2020-01-23T02:51:23.160+0200][gc,cpu        ] GC(2) User=0,01s Sys=0,00s Real=0,00s
[2020-01-23T02:51:23.160+0200][gc,marking    ] GC(2) Concurrent Rebuild Remembered Sets
[2020-01-23T02:51:23.164+0200][gc,marking    ] GC(2) Concurrent Rebuild Remembered Sets 3,457ms
[2020-01-23T02:51:23.164+0200][gc,start      ] GC(2) Pause Cleanup
[2020-01-23T02:51:23.164+0200][gc            ] GC(2) Pause Cleanup 8M->8M(1024M) 0,201ms
[2020-01-23T02:51:23.164+0200][gc,cpu        ] GC(2) User=0,00s Sys=0,00s Real=0,00s
[2020-01-23T02:51:23.164+0200][gc,marking    ] GC(2) Concurrent Cleanup for Next Mark
[2020-01-23T02:51:23.168+0200][gc,marking    ] GC(2) Concurrent Cleanup for Next Mark 4,123ms
[2020-01-23T02:51:23.168+0200][gc            ] GC(2) Concurrent Cycle 18,634ms
[2020-01-23T02:51:24.848+0200][gc,start      ] GC(3) Pause Young (Normal) (G1 Evacuation Pause)
[2020-01-23T02:51:24.848+0200][gc,task       ] GC(3) Using 8 workers of 8 for evacuation
[2020-01-23T02:51:24.857+0200][gc,phases     ] GC(3)   Pre Evacuate Collection Set: 0,0ms
[2020-01-23T02:51:24.857+0200][gc,phases     ] GC(3)   Evacuate Collection Set: 7,5ms
[2020-01-23T02:51:24.857+0200][gc,phases     ] GC(3)   Post Evacuate Collection Set: 0,6ms
[2020-01-23T02:51:24.857+0200][gc,phases     ] GC(3)   Other: 0,3ms
[2020-01-23T02:51:24.857+0200][gc,heap       ] GC(3) Eden regions: 50->0(47)
[2020-01-23T02:51:24.857+0200][gc,heap       ] GC(3) Survivor regions: 1->4(7)
[2020-01-23T02:51:24.857+0200][gc,heap       ] GC(3) Old regions: 9->9
[2020-01-23T02:51:24.857+0200][gc,heap       ] GC(3) Humongous regions: 129->0
[2020-01-23T02:51:24.857+0200][gc,metaspace  ] GC(3) Metaspace: 28461K->28461K(1075200K)
[2020-01-23T02:51:24.857+0200][gc            ] GC(3) Pause Young (Normal) (G1 Evacuation Pause) 187M->10M(1024M) 8,453ms
[2020-01-23T02:51:24.857+0200][gc,cpu        ] GC(3) User=0,06s Sys=0,00s Real=0,01s
[2020-01-23T02:51:27.120+0200][gc,heap,exit  ] Heap
[2020-01-23T02:51:27.120+0200][gc,heap,exit  ]  garbage-first heap   total 1048576K, used 16222K [0x00000000c0000000, 0x0000000100000000)
[2020-01-23T02:51:27.120+0200][gc,heap,exit  ]   region size 1024K, 10 young (10240K), 4 survivors (4096K)
[2020-01-23T02:51:27.120+0200][gc,heap,exit  ]  Metaspace       used 28778K, capacity 30097K, committed 30208K, reserved 1075200K
[2020-01-23T02:51:27.120+0200][gc,heap,exit  ]   class space    used 3975K, capacity 4543K, committed 4608K, reserved 1048576K
