[2020-01-23T01:18:44.313+0200][gc,heap] Heap region size: 1M
[2020-01-23T01:18:44.339+0200][gc     ] Using G1
[2020-01-23T01:18:44.339+0200][gc,heap,coops] Heap address: 0x00000000c0000000, size: 1024 MB, Compressed Oops mode: 32-bit
[2020-01-23T01:18:44.339+0200][gc,cds       ] Mark closed archive regions in map: [0x00000000fff00000, 0x00000000fff69ff8]
[2020-01-23T01:18:44.339+0200][gc,cds       ] Mark open archive regions in map: [0x00000000ffe00000, 0x00000000ffe43ff8]
[2020-01-23T01:18:45.416+0200][gc,start     ] GC(0) Pause Young (Normal) (G1 Evacuation Pause)
[2020-01-23T01:18:45.417+0200][gc,task      ] GC(0) Using 8 workers of 8 for evacuation
[2020-01-23T01:18:45.426+0200][gc,phases    ] GC(0)   Pre Evacuate Collection Set: 0,0ms
[2020-01-23T01:18:45.426+0200][gc,phases    ] GC(0)   Evacuate Collection Set: 8,1ms
[2020-01-23T01:18:45.426+0200][gc,phases    ] GC(0)   Post Evacuate Collection Set: 0,5ms
[2020-01-23T01:18:45.426+0200][gc,phases    ] GC(0)   Other: 0,9ms
[2020-01-23T01:18:45.426+0200][gc,heap      ] GC(0) Eden regions: 51->0(44)
[2020-01-23T01:18:45.426+0200][gc,heap      ] GC(0) Survivor regions: 0->7(7)
[2020-01-23T01:18:45.426+0200][gc,heap      ] GC(0) Old regions: 2->2
[2020-01-23T01:18:45.426+0200][gc,heap      ] GC(0) Humongous regions: 0->0
[2020-01-23T01:18:45.426+0200][gc,metaspace ] GC(0) Metaspace: 15873K->15873K(1062912K)
[2020-01-23T01:18:45.426+0200][gc           ] GC(0) Pause Young (Normal) (G1 Evacuation Pause) 51M->7M(1024M) 9,556ms
[2020-01-23T01:18:45.426+0200][gc,cpu       ] GC(0) User=0,06s Sys=0,00s Real=0,01s
[2020-01-23T01:18:45.707+0200][gc,start     ] GC(1) Pause Young (Concurrent Start) (Metadata GC Threshold)
[2020-01-23T01:18:45.707+0200][gc,task      ] GC(1) Using 8 workers of 8 for evacuation
[2020-01-23T01:18:45.714+0200][gc,phases    ] GC(1)   Pre Evacuate Collection Set: 0,1ms
[2020-01-23T01:18:45.714+0200][gc,phases    ] GC(1)   Evacuate Collection Set: 6,8ms
[2020-01-23T01:18:45.714+0200][gc,phases    ] GC(1)   Post Evacuate Collection Set: 0,4ms
[2020-01-23T01:18:45.714+0200][gc,phases    ] GC(1)   Other: 0,2ms
[2020-01-23T01:18:45.714+0200][gc,heap      ] GC(1) Eden regions: 20->0(50)
[2020-01-23T01:18:45.714+0200][gc,heap      ] GC(1) Survivor regions: 7->1(7)
[2020-01-23T01:18:45.714+0200][gc,heap      ] GC(1) Old regions: 2->9
[2020-01-23T01:18:45.714+0200][gc,heap      ] GC(1) Humongous regions: 129->129
[2020-01-23T01:18:45.714+0200][gc,metaspace ] GC(1) Metaspace: 20490K->20490K(1067008K)
[2020-01-23T01:18:45.714+0200][gc           ] GC(1) Pause Young (Concurrent Start) (Metadata GC Threshold) 155M->136M(1024M) 7,518ms
[2020-01-23T01:18:45.715+0200][gc,cpu       ] GC(1) User=0,03s Sys=0,01s Real=0,01s
[2020-01-23T01:18:45.715+0200][gc           ] GC(2) Concurrent Cycle
[2020-01-23T01:18:45.715+0200][gc,marking   ] GC(2) Concurrent Clear Claimed Marks
[2020-01-23T01:18:45.715+0200][gc,marking   ] GC(2) Concurrent Clear Claimed Marks 0,017ms
[2020-01-23T01:18:45.715+0200][gc,marking   ] GC(2) Concurrent Scan Root Regions
[2020-01-23T01:18:45.715+0200][gc,marking   ] GC(2) Concurrent Scan Root Regions 0,917ms
[2020-01-23T01:18:45.715+0200][gc,marking   ] GC(2) Concurrent Mark (1,412s)
[2020-01-23T01:18:45.715+0200][gc,marking   ] GC(2) Concurrent Mark From Roots
[2020-01-23T01:18:45.716+0200][gc,task      ] GC(2) Using 2 workers of 2 for marking
[2020-01-23T01:18:45.724+0200][gc,marking   ] GC(2) Concurrent Mark From Roots 8,207ms
[2020-01-23T01:18:45.724+0200][gc,marking   ] GC(2) Concurrent Preclean
[2020-01-23T01:18:45.724+0200][gc,marking   ] GC(2) Concurrent Preclean 0,158ms
[2020-01-23T01:18:45.724+0200][gc,marking   ] GC(2) Concurrent Mark (1,412s, 1,420s) 8,415ms
[2020-01-23T01:18:45.724+0200][gc,start     ] GC(2) Pause Remark
[2020-01-23T01:18:45.726+0200][gc,stringtable] GC(2) Cleaned string and symbol table, strings: 4989 processed, 0 removed, symbols: 50088 processed, 50 removed
[2020-01-23T01:18:45.726+0200][gc            ] GC(2) Pause Remark 138M->138M(1024M) 2,290ms
[2020-01-23T01:18:45.726+0200][gc,cpu        ] GC(2) User=0,01s Sys=0,00s Real=0,00s
[2020-01-23T01:18:45.726+0200][gc,marking    ] GC(2) Concurrent Rebuild Remembered Sets
[2020-01-23T01:18:45.730+0200][gc,marking    ] GC(2) Concurrent Rebuild Remembered Sets 3,630ms
[2020-01-23T01:18:45.730+0200][gc,start      ] GC(2) Pause Cleanup
[2020-01-23T01:18:45.730+0200][gc            ] GC(2) Pause Cleanup 138M->138M(1024M) 0,199ms
[2020-01-23T01:18:45.730+0200][gc,cpu        ] GC(2) User=0,00s Sys=0,00s Real=0,00s
[2020-01-23T01:18:45.730+0200][gc,marking    ] GC(2) Concurrent Cleanup for Next Mark
[2020-01-23T01:18:45.735+0200][gc,marking    ] GC(2) Concurrent Cleanup for Next Mark 4,640ms
[2020-01-23T01:18:45.735+0200][gc            ] GC(2) Concurrent Cycle 20,642ms
[2020-01-23T01:18:46.217+0200][gc,start      ] GC(3) Pause Young (Normal) (GCLocker Initiated GC)
[2020-01-23T01:18:46.217+0200][gc,task       ] GC(3) Using 8 workers of 8 for evacuation
[2020-01-23T01:18:46.223+0200][gc,phases     ] GC(3)   Pre Evacuate Collection Set: 0,0ms
[2020-01-23T01:18:46.223+0200][gc,phases     ] GC(3)   Evacuate Collection Set: 5,4ms
[2020-01-23T01:18:46.223+0200][gc,phases     ] GC(3)   Post Evacuate Collection Set: 0,5ms
[2020-01-23T01:18:46.223+0200][gc,phases     ] GC(3)   Other: 0,2ms
[2020-01-23T01:18:46.223+0200][gc,heap       ] GC(3) Eden regions: 51->0(45)
[2020-01-23T01:18:46.223+0200][gc,heap       ] GC(3) Survivor regions: 1->6(7)
[2020-01-23T01:18:46.223+0200][gc,heap       ] GC(3) Old regions: 9->9
[2020-01-23T01:18:46.223+0200][gc,heap       ] GC(3) Humongous regions: 129->129
[2020-01-23T01:18:46.223+0200][gc,metaspace  ] GC(3) Metaspace: 29948K->29948K(1077248K)
[2020-01-23T01:18:46.223+0200][gc            ] GC(3) Pause Young (Normal) (GCLocker Initiated GC) 186M->141M(1024M) 6,138ms
[2020-01-23T01:18:46.223+0200][gc,cpu        ] GC(3) User=0,04s Sys=0,00s Real=0,01s
[2020-01-23T01:38:33.728+0200][gc,start      ] GC(4) Pause Young (Concurrent Start) (Metadata GC Threshold)
[2020-01-23T01:38:33.728+0200][gc,task       ] GC(4) Using 8 workers of 8 for evacuation
[2020-01-23T01:38:33.736+0200][gc,phases     ] GC(4)   Pre Evacuate Collection Set: 0,1ms
[2020-01-23T01:38:33.736+0200][gc,phases     ] GC(4)   Evacuate Collection Set: 6,3ms
[2020-01-23T01:38:33.736+0200][gc,phases     ] GC(4)   Post Evacuate Collection Set: 0,5ms
[2020-01-23T01:38:33.736+0200][gc,phases     ] GC(4)   Other: 0,2ms
[2020-01-23T01:38:33.736+0200][gc,heap       ] GC(4) Eden regions: 34->0(49)
[2020-01-23T01:38:33.736+0200][gc,heap       ] GC(4) Survivor regions: 6->2(7)
[2020-01-23T01:38:33.736+0200][gc,heap       ] GC(4) Old regions: 9->14
[2020-01-23T01:38:33.736+0200][gc,heap       ] GC(4) Humongous regions: 129->129
[2020-01-23T01:38:33.736+0200][gc,metaspace  ] GC(4) Metaspace: 34346K->34346K(1079296K)
[2020-01-23T01:38:33.736+0200][gc            ] GC(4) Pause Young (Concurrent Start) (Metadata GC Threshold) 174M->142M(1024M) 7,216ms
[2020-01-23T01:38:33.736+0200][gc,cpu        ] GC(4) User=0,02s Sys=0,01s Real=0,01s
[2020-01-23T01:38:33.736+0200][gc            ] GC(5) Concurrent Cycle
[2020-01-23T01:38:33.736+0200][gc,marking    ] GC(5) Concurrent Clear Claimed Marks
[2020-01-23T01:38:33.736+0200][gc,marking    ] GC(5) Concurrent Clear Claimed Marks 0,120ms
[2020-01-23T01:38:33.736+0200][gc,marking    ] GC(5) Concurrent Scan Root Regions
[2020-01-23T01:38:33.737+0200][gc,marking    ] GC(5) Concurrent Scan Root Regions 1,477ms
[2020-01-23T01:38:33.737+0200][gc,marking    ] GC(5) Concurrent Mark (1189,434s)
[2020-01-23T01:38:33.737+0200][gc,marking    ] GC(5) Concurrent Mark From Roots
[2020-01-23T01:38:33.737+0200][gc,task       ] GC(5) Using 2 workers of 2 for marking
[2020-01-23T01:38:33.747+0200][gc,marking    ] GC(5) Concurrent Mark From Roots 9,432ms
[2020-01-23T01:38:33.747+0200][gc,marking    ] GC(5) Concurrent Preclean
[2020-01-23T01:38:33.747+0200][gc,marking    ] GC(5) Concurrent Preclean 0,279ms
[2020-01-23T01:38:33.747+0200][gc,marking    ] GC(5) Concurrent Mark (1189,434s, 1189,443s) 9,756ms
[2020-01-23T01:38:33.747+0200][gc,start      ] GC(5) Pause Remark
[2020-01-23T01:38:33.752+0200][gc,stringtable] GC(5) Cleaned string and symbol table, strings: 10725 processed, 271 removed, symbols: 78148 processed, 30 removed
[2020-01-23T01:38:33.753+0200][gc            ] GC(5) Pause Remark 142M->142M(1024M) 5,435ms
[2020-01-23T01:38:33.753+0200][gc,cpu        ] GC(5) User=0,02s Sys=0,01s Real=0,01s
[2020-01-23T01:38:33.753+0200][gc,marking    ] GC(5) Concurrent Rebuild Remembered Sets
[2020-01-23T01:38:33.759+0200][gc,marking    ] GC(5) Concurrent Rebuild Remembered Sets 6,439ms
[2020-01-23T01:38:33.759+0200][gc,start      ] GC(5) Pause Cleanup
[2020-01-23T01:38:33.760+0200][gc            ] GC(5) Pause Cleanup 143M->143M(1024M) 0,169ms
[2020-01-23T01:38:33.760+0200][gc,cpu        ] GC(5) User=0,00s Sys=0,00s Real=0,00s
[2020-01-23T01:38:33.760+0200][gc,marking    ] GC(5) Concurrent Cleanup for Next Mark
[2020-01-23T01:38:33.764+0200][gc,marking    ] GC(5) Concurrent Cleanup for Next Mark 4,483ms
[2020-01-23T01:38:33.764+0200][gc            ] GC(5) Concurrent Cycle 28,524ms
[2020-01-23T01:42:39.092+0200][gc,start      ] GC(6) Pause Young (Normal) (G1 Evacuation Pause)
[2020-01-23T01:42:39.092+0200][gc,task       ] GC(6) Using 8 workers of 8 for evacuation
[2020-01-23T01:42:39.101+0200][gc,phases     ] GC(6)   Pre Evacuate Collection Set: 0,0ms
[2020-01-23T01:42:39.101+0200][gc,phases     ] GC(6)   Evacuate Collection Set: 7,5ms
[2020-01-23T01:42:39.101+0200][gc,phases     ] GC(6)   Post Evacuate Collection Set: 0,8ms
[2020-01-23T01:42:39.101+0200][gc,phases     ] GC(6)   Other: 0,4ms
[2020-01-23T01:42:39.101+0200][gc,heap       ] GC(6) Eden regions: 49->0(46)
[2020-01-23T01:42:39.101+0200][gc,heap       ] GC(6) Survivor regions: 2->5(7)
[2020-01-23T01:42:39.101+0200][gc,heap       ] GC(6) Old regions: 14->14
[2020-01-23T01:42:39.101+0200][gc,heap       ] GC(6) Humongous regions: 129->129
[2020-01-23T01:42:39.101+0200][gc,metaspace  ] GC(6) Metaspace: 38684K->38684K(1083392K)
[2020-01-23T01:42:39.101+0200][gc            ] GC(6) Pause Young (Normal) (G1 Evacuation Pause) 191M->145M(1024M) 8,755ms
[2020-01-23T01:42:39.101+0200][gc,cpu        ] GC(6) User=0,06s Sys=0,00s Real=0,00s
[2020-01-23T01:58:38.796+0200][gc,start      ] GC(7) Pause Young (Normal) (G1 Evacuation Pause)
[2020-01-23T01:58:38.796+0200][gc,task       ] GC(7) Using 8 workers of 8 for evacuation
[2020-01-23T01:58:38.804+0200][gc,phases     ] GC(7)   Pre Evacuate Collection Set: 0,1ms
[2020-01-23T01:58:38.804+0200][gc,phases     ] GC(7)   Evacuate Collection Set: 7,1ms
[2020-01-23T01:58:38.804+0200][gc,phases     ] GC(7)   Post Evacuate Collection Set: 0,6ms
[2020-01-23T01:58:38.804+0200][gc,phases     ] GC(7)   Other: 0,4ms
[2020-01-23T01:58:38.804+0200][gc,heap       ] GC(7) Eden regions: 46->0(50)
[2020-01-23T01:58:38.804+0200][gc,heap       ] GC(7) Survivor regions: 5->1(7)
[2020-01-23T01:58:38.804+0200][gc,heap       ] GC(7) Old regions: 14->17
[2020-01-23T01:58:38.804+0200][gc,heap       ] GC(7) Humongous regions: 129->129
[2020-01-23T01:58:38.804+0200][gc,metaspace  ] GC(7) Metaspace: 39122K->39122K(1085440K)
[2020-01-23T01:58:38.804+0200][gc            ] GC(7) Pause Young (Normal) (G1 Evacuation Pause) 191M->145M(1024M) 8,177ms
[2020-01-23T01:58:38.804+0200][gc,cpu        ] GC(7) User=0,05s Sys=0,02s Real=0,01s
[2020-01-23T02:21:07.310+0200][gc,start      ] GC(8) Pause Young (Normal) (G1 Evacuation Pause)
[2020-01-23T02:21:07.310+0200][gc,task       ] GC(8) Using 8 workers of 8 for evacuation
[2020-01-23T02:21:07.315+0200][gc,phases     ] GC(8)   Pre Evacuate Collection Set: 0,0ms
[2020-01-23T02:21:07.315+0200][gc,phases     ] GC(8)   Evacuate Collection Set: 3,4ms
[2020-01-23T02:21:07.315+0200][gc,phases     ] GC(8)   Post Evacuate Collection Set: 1,2ms
[2020-01-23T02:21:07.315+0200][gc,phases     ] GC(8)   Other: 0,4ms
[2020-01-23T02:21:07.315+0200][gc,heap       ] GC(8) Eden regions: 50->0(50)
[2020-01-23T02:21:07.315+0200][gc,heap       ] GC(8) Survivor regions: 1->1(7)
[2020-01-23T02:21:07.315+0200][gc,heap       ] GC(8) Old regions: 17->17
[2020-01-23T02:21:07.315+0200][gc,heap       ] GC(8) Humongous regions: 129->129
[2020-01-23T02:21:07.315+0200][gc,metaspace  ] GC(8) Metaspace: 39280K->39280K(1085440K)
[2020-01-23T02:21:07.315+0200][gc            ] GC(8) Pause Young (Normal) (G1 Evacuation Pause) 195M->145M(1024M) 5,213ms
[2020-01-23T02:21:07.315+0200][gc,cpu        ] GC(8) User=0,03s Sys=0,00s Real=0,00s
[2020-01-23T02:42:46.320+0200][gc,start      ] GC(9) Pause Young (Normal) (G1 Evacuation Pause)
[2020-01-23T02:42:46.320+0200][gc,task       ] GC(9) Using 8 workers of 8 for evacuation
[2020-01-23T02:42:46.330+0200][gc,phases     ] GC(9)   Pre Evacuate Collection Set: 0,1ms
[2020-01-23T02:42:46.330+0200][gc,phases     ] GC(9)   Evacuate Collection Set: 7,9ms
[2020-01-23T02:42:46.330+0200][gc,phases     ] GC(9)   Post Evacuate Collection Set: 1,3ms
[2020-01-23T02:42:46.330+0200][gc,phases     ] GC(9)   Other: 0,4ms
[2020-01-23T02:42:46.330+0200][gc,heap       ] GC(9) Eden regions: 50->0(49)
[2020-01-23T02:42:46.330+0200][gc,heap       ] GC(9) Survivor regions: 1->3(7)
[2020-01-23T02:42:46.330+0200][gc,heap       ] GC(9) Old regions: 17->17
[2020-01-23T02:42:46.330+0200][gc,heap       ] GC(9) Humongous regions: 129->129
[2020-01-23T02:42:46.330+0200][gc,metaspace  ] GC(9) Metaspace: 39379K->39379K(1085440K)
[2020-01-23T02:42:46.330+0200][gc            ] GC(9) Pause Young (Normal) (G1 Evacuation Pause) 195M->146M(1024M) 10,044ms
[2020-01-23T02:42:46.330+0200][gc,cpu        ] GC(9) User=0,06s Sys=0,00s Real=0,02s
[2020-01-23T02:46:10.732+0200][gc,heap,exit  ] Heap
[2020-01-23T02:46:10.733+0200][gc,heap,exit  ]  garbage-first heap   total 1048576K, used 166892K [0x00000000c0000000, 0x0000000100000000)
[2020-01-23T02:46:10.733+0200][gc,heap,exit  ]   region size 1024K, 20 young (20480K), 3 survivors (3072K)
[2020-01-23T02:46:10.733+0200][gc,heap,exit  ]  Metaspace       used 40098K, capacity 42666K, committed 42908K, reserved 1085440K
[2020-01-23T02:46:10.733+0200][gc,heap,exit  ]   class space    used 5600K, capacity 6822K, committed 6936K, reserved 1048576K
