[2020-01-23T02:51:30.868+0200][gc,heap] Heap region size: 1M
[2020-01-23T02:51:30.877+0200][gc     ] Using G1
[2020-01-23T02:51:30.877+0200][gc,heap,coops] Heap address: 0x00000000c0000000, size: 1024 MB, Compressed Oops mode: 32-bit
[2020-01-23T02:51:30.877+0200][gc,cds       ] Mark closed archive regions in map: [0x00000000fff00000, 0x00000000fff69ff8]
[2020-01-23T02:51:30.877+0200][gc,cds       ] Mark open archive regions in map: [0x00000000ffe00000, 0x00000000ffe43ff8]
[2020-01-23T02:51:31.773+0200][gc,start     ] GC(0) Pause Young (Normal) (G1 Evacuation Pause)
[2020-01-23T02:51:31.774+0200][gc,task      ] GC(0) Using 8 workers of 8 for evacuation
[2020-01-23T02:51:31.783+0200][gc,phases    ] GC(0)   Pre Evacuate Collection Set: 0,0ms
[2020-01-23T02:51:31.783+0200][gc,phases    ] GC(0)   Evacuate Collection Set: 8,3ms
[2020-01-23T02:51:31.783+0200][gc,phases    ] GC(0)   Post Evacuate Collection Set: 0,5ms
[2020-01-23T02:51:31.783+0200][gc,phases    ] GC(0)   Other: 1,0ms
[2020-01-23T02:51:31.783+0200][gc,heap      ] GC(0) Eden regions: 51->0(44)
[2020-01-23T02:51:31.783+0200][gc,heap      ] GC(0) Survivor regions: 0->7(7)
[2020-01-23T02:51:31.783+0200][gc,heap      ] GC(0) Old regions: 2->2
[2020-01-23T02:51:31.783+0200][gc,heap      ] GC(0) Humongous regions: 0->0
[2020-01-23T02:51:31.783+0200][gc,metaspace ] GC(0) Metaspace: 15839K->15839K(1062912K)
[2020-01-23T02:51:31.783+0200][gc           ] GC(0) Pause Young (Normal) (G1 Evacuation Pause) 51M->7M(1024M) 9,846ms
[2020-01-23T02:51:31.783+0200][gc,cpu       ] GC(0) User=0,06s Sys=0,01s Real=0,01s
[2020-01-23T02:51:32.028+0200][gc,start     ] GC(1) Pause Young (Concurrent Start) (Metadata GC Threshold)
[2020-01-23T02:51:32.028+0200][gc,task      ] GC(1) Using 8 workers of 8 for evacuation
[2020-01-23T02:51:32.035+0200][gc,phases    ] GC(1)   Pre Evacuate Collection Set: 0,1ms
[2020-01-23T02:51:32.035+0200][gc,phases    ] GC(1)   Evacuate Collection Set: 7,0ms
[2020-01-23T02:51:32.035+0200][gc,phases    ] GC(1)   Post Evacuate Collection Set: 0,4ms
[2020-01-23T02:51:32.035+0200][gc,phases    ] GC(1)   Other: 0,2ms
[2020-01-23T02:51:32.035+0200][gc,heap      ] GC(1) Eden regions: 19->0(50)
[2020-01-23T02:51:32.035+0200][gc,heap      ] GC(1) Survivor regions: 7->1(7)
[2020-01-23T02:51:32.035+0200][gc,heap      ] GC(1) Old regions: 2->9
[2020-01-23T02:51:32.035+0200][gc,heap      ] GC(1) Humongous regions: 0->0
[2020-01-23T02:51:32.035+0200][gc,metaspace ] GC(1) Metaspace: 20516K->20516K(1067008K)
[2020-01-23T02:51:32.035+0200][gc           ] GC(1) Pause Young (Concurrent Start) (Metadata GC Threshold) 25M->7M(1024M) 7,715ms
[2020-01-23T02:51:32.035+0200][gc,cpu       ] GC(1) User=0,04s Sys=0,00s Real=0,01s
[2020-01-23T02:51:32.036+0200][gc           ] GC(2) Concurrent Cycle
[2020-01-23T02:51:32.036+0200][gc,marking   ] GC(2) Concurrent Clear Claimed Marks
[2020-01-23T02:51:32.036+0200][gc,marking   ] GC(2) Concurrent Clear Claimed Marks 0,020ms
[2020-01-23T02:51:32.036+0200][gc,marking   ] GC(2) Concurrent Scan Root Regions
[2020-01-23T02:51:32.036+0200][gc,marking   ] GC(2) Concurrent Scan Root Regions 0,897ms
[2020-01-23T02:51:32.036+0200][gc,marking   ] GC(2) Concurrent Mark (1,171s)
[2020-01-23T02:51:32.036+0200][gc,marking   ] GC(2) Concurrent Mark From Roots
[2020-01-23T02:51:32.037+0200][gc,task      ] GC(2) Using 2 workers of 2 for marking
[2020-01-23T02:51:32.042+0200][gc,marking   ] GC(2) Concurrent Mark From Roots 5,603ms
[2020-01-23T02:51:32.042+0200][gc,marking   ] GC(2) Concurrent Preclean
[2020-01-23T02:51:32.042+0200][gc,marking   ] GC(2) Concurrent Preclean 0,127ms
[2020-01-23T02:51:32.042+0200][gc,marking   ] GC(2) Concurrent Mark (1,171s, 1,177s) 5,764ms
[2020-01-23T02:51:32.042+0200][gc,start     ] GC(2) Pause Remark
[2020-01-23T02:51:32.044+0200][gc,stringtable] GC(2) Cleaned string and symbol table, strings: 4888 processed, 0 removed, symbols: 50562 processed, 55 removed
[2020-01-23T02:51:32.044+0200][gc            ] GC(2) Pause Remark 8M->8M(1024M) 1,394ms
[2020-01-23T02:51:32.044+0200][gc,cpu        ] GC(2) User=0,01s Sys=0,00s Real=0,00s
[2020-01-23T02:51:32.044+0200][gc,marking    ] GC(2) Concurrent Rebuild Remembered Sets
[2020-01-23T02:51:32.047+0200][gc,marking    ] GC(2) Concurrent Rebuild Remembered Sets 3,340ms
[2020-01-23T02:51:32.047+0200][gc,start      ] GC(2) Pause Cleanup
[2020-01-23T02:51:32.048+0200][gc            ] GC(2) Pause Cleanup 8M->8M(1024M) 0,193ms
[2020-01-23T02:51:32.048+0200][gc,cpu        ] GC(2) User=0,00s Sys=0,00s Real=0,00s
[2020-01-23T02:51:32.048+0200][gc,marking    ] GC(2) Concurrent Cleanup for Next Mark
[2020-01-23T02:51:32.051+0200][gc,marking    ] GC(2) Concurrent Cleanup for Next Mark 3,730ms
[2020-01-23T02:51:32.051+0200][gc            ] GC(2) Concurrent Cycle 15,855ms
[2020-01-23T02:51:32.752+0200][gc,start      ] GC(3) Pause Young (Normal) (G1 Evacuation Pause)
[2020-01-23T02:51:32.752+0200][gc,task       ] GC(3) Using 8 workers of 8 for evacuation
[2020-01-23T02:51:32.756+0200][gc,phases     ] GC(3)   Pre Evacuate Collection Set: 0,0ms
[2020-01-23T02:51:32.756+0200][gc,phases     ] GC(3)   Evacuate Collection Set: 3,2ms
[2020-01-23T02:51:32.756+0200][gc,phases     ] GC(3)   Post Evacuate Collection Set: 0,4ms
[2020-01-23T02:51:32.756+0200][gc,phases     ] GC(3)   Other: 0,1ms
[2020-01-23T02:51:32.756+0200][gc,heap       ] GC(3) Eden regions: 50->0(45)
[2020-01-23T02:51:32.756+0200][gc,heap       ] GC(3) Survivor regions: 1->6(7)
[2020-01-23T02:51:32.756+0200][gc,heap       ] GC(3) Old regions: 9->9
[2020-01-23T02:51:32.756+0200][gc,heap       ] GC(3) Humongous regions: 129->129
[2020-01-23T02:51:32.756+0200][gc,metaspace  ] GC(3) Metaspace: 29023K->29023K(1075200K)
[2020-01-23T02:51:32.756+0200][gc            ] GC(3) Pause Young (Normal) (G1 Evacuation Pause) 186M->140M(1024M) 3,813ms
[2020-01-23T02:51:32.756+0200][gc,cpu        ] GC(3) User=0,03s Sys=0,00s Real=0,00s
[2020-01-23T02:51:33.001+0200][gc,start      ] GC(4) Pause Young (Concurrent Start) (Metadata GC Threshold)
[2020-01-23T02:51:33.001+0200][gc,task       ] GC(4) Using 8 workers of 8 for evacuation
[2020-01-23T02:51:33.009+0200][gc,phases     ] GC(4)   Pre Evacuate Collection Set: 0,1ms
[2020-01-23T02:51:33.009+0200][gc,phases     ] GC(4)   Evacuate Collection Set: 7,5ms
[2020-01-23T02:51:33.009+0200][gc,phases     ] GC(4)   Post Evacuate Collection Set: 0,5ms
[2020-01-23T02:51:33.009+0200][gc,phases     ] GC(4)   Other: 0,2ms
[2020-01-23T02:51:33.009+0200][gc,heap       ] GC(4) Eden regions: 29->0(49)
[2020-01-23T02:51:33.009+0200][gc,heap       ] GC(4) Survivor regions: 6->2(7)
[2020-01-23T02:51:33.009+0200][gc,heap       ] GC(4) Old regions: 9->14
[2020-01-23T02:51:33.009+0200][gc,heap       ] GC(4) Humongous regions: 129->129
[2020-01-23T02:51:33.009+0200][gc,metaspace  ] GC(4) Metaspace: 34238K->34238K(1079296K)
[2020-01-23T02:51:33.009+0200][gc            ] GC(4) Pause Young (Concurrent Start) (Metadata GC Threshold) 169M->142M(1024M) 8,427ms
[2020-01-23T02:51:33.009+0200][gc,cpu        ] GC(4) User=0,05s Sys=0,00s Real=0,01s
[2020-01-23T02:51:33.009+0200][gc            ] GC(5) Concurrent Cycle
[2020-01-23T02:51:33.009+0200][gc,marking    ] GC(5) Concurrent Clear Claimed Marks
[2020-01-23T02:51:33.010+0200][gc,marking    ] GC(5) Concurrent Clear Claimed Marks 0,119ms
[2020-01-23T02:51:33.010+0200][gc,marking    ] GC(5) Concurrent Scan Root Regions
[2020-01-23T02:51:33.011+0200][gc,marking    ] GC(5) Concurrent Scan Root Regions 1,078ms
[2020-01-23T02:51:33.011+0200][gc,marking    ] GC(5) Concurrent Mark (2,145s)
[2020-01-23T02:51:33.011+0200][gc,marking    ] GC(5) Concurrent Mark From Roots
[2020-01-23T02:51:33.011+0200][gc,task       ] GC(5) Using 2 workers of 2 for marking
[2020-01-23T02:51:33.020+0200][gc,marking    ] GC(5) Concurrent Mark From Roots 9,136ms
[2020-01-23T02:51:33.020+0200][gc,marking    ] GC(5) Concurrent Preclean
[2020-01-23T02:51:33.020+0200][gc,marking    ] GC(5) Concurrent Preclean 0,157ms
[2020-01-23T02:51:33.020+0200][gc,marking    ] GC(5) Concurrent Mark (2,145s, 2,154s) 9,338ms
[2020-01-23T02:51:33.026+0200][gc,start      ] GC(5) Pause Remark
[2020-01-23T02:51:33.029+0200][gc,stringtable] GC(5) Cleaned string and symbol table, strings: 11002 processed, 9 removed, symbols: 78381 processed, 26 removed
[2020-01-23T02:51:33.029+0200][gc            ] GC(5) Pause Remark 142M->142M(1024M) 2,782ms
[2020-01-23T02:51:33.029+0200][gc,cpu        ] GC(5) User=0,01s Sys=0,00s Real=0,00s
[2020-01-23T02:51:33.029+0200][gc,marking    ] GC(5) Concurrent Rebuild Remembered Sets
[2020-01-23T02:51:33.035+0200][gc,marking    ] GC(5) Concurrent Rebuild Remembered Sets 6,090ms
[2020-01-23T02:51:33.036+0200][gc,start      ] GC(5) Pause Cleanup
[2020-01-23T02:51:33.036+0200][gc            ] GC(5) Pause Cleanup 143M->143M(1024M) 0,222ms
[2020-01-23T02:51:33.036+0200][gc,cpu        ] GC(5) User=0,00s Sys=0,00s Real=0,00s
[2020-01-23T02:51:33.036+0200][gc,marking    ] GC(5) Concurrent Cleanup for Next Mark
[2020-01-23T02:51:33.040+0200][gc,marking    ] GC(5) Concurrent Cleanup for Next Mark 4,028ms
[2020-01-23T02:51:33.040+0200][gc            ] GC(5) Concurrent Cycle 30,454ms
[2020-01-23T03:03:13.498+0200][gc,start      ] GC(6) Pause Young (Normal) (G1 Evacuation Pause)
[2020-01-23T03:03:13.498+0200][gc,task       ] GC(6) Using 8 workers of 8 for evacuation
[2020-01-23T03:03:13.505+0200][gc,phases     ] GC(6)   Pre Evacuate Collection Set: 0,0ms
[2020-01-23T03:03:13.505+0200][gc,phases     ] GC(6)   Evacuate Collection Set: 6,0ms
[2020-01-23T03:03:13.505+0200][gc,phases     ] GC(6)   Post Evacuate Collection Set: 0,6ms
[2020-01-23T03:03:13.505+0200][gc,phases     ] GC(6)   Other: 0,3ms
[2020-01-23T03:03:13.505+0200][gc,heap       ] GC(6) Eden regions: 49->0(48)
[2020-01-23T03:03:13.505+0200][gc,heap       ] GC(6) Survivor regions: 2->3(7)
[2020-01-23T03:03:13.505+0200][gc,heap       ] GC(6) Old regions: 14->14
[2020-01-23T03:03:13.505+0200][gc,heap       ] GC(6) Humongous regions: 135->129
[2020-01-23T03:03:13.505+0200][gc,metaspace  ] GC(6) Metaspace: 38209K->38209K(1083392K)
[2020-01-23T03:03:13.505+0200][gc            ] GC(6) Pause Young (Normal) (G1 Evacuation Pause) 197M->143M(1024M) 7,005ms
[2020-01-23T03:03:13.505+0200][gc,cpu        ] GC(6) User=0,04s Sys=0,00s Real=0,01s
[2020-01-23T03:16:02.322+0200][gc,start      ] GC(7) Pause Young (Normal) (G1 Evacuation Pause)
[2020-01-23T03:16:02.322+0200][gc,task       ] GC(7) Using 8 workers of 8 for evacuation
[2020-01-23T03:16:02.335+0200][gc,phases     ] GC(7)   Pre Evacuate Collection Set: 0,0ms
[2020-01-23T03:16:02.335+0200][gc,phases     ] GC(7)   Evacuate Collection Set: 10,7ms
[2020-01-23T03:16:02.335+0200][gc,phases     ] GC(7)   Post Evacuate Collection Set: 1,6ms
[2020-01-23T03:16:02.335+0200][gc,phases     ] GC(7)   Other: 0,4ms
[2020-01-23T03:16:02.335+0200][gc,heap       ] GC(7) Eden regions: 48->0(46)
[2020-01-23T03:16:02.335+0200][gc,heap       ] GC(7) Survivor regions: 3->5(7)
[2020-01-23T03:16:02.335+0200][gc,heap       ] GC(7) Old regions: 14->14
[2020-01-23T03:16:02.335+0200][gc,heap       ] GC(7) Humongous regions: 129->129
[2020-01-23T03:16:02.335+0200][gc,metaspace  ] GC(7) Metaspace: 39848K->39848K(1085440K)
[2020-01-23T03:16:02.335+0200][gc            ] GC(7) Pause Young (Normal) (G1 Evacuation Pause) 191M->145M(1024M) 13,021ms
[2020-01-23T03:16:02.335+0200][gc,cpu        ] GC(7) User=0,07s Sys=0,01s Real=0,01s
[2020-01-23T03:27:23.498+0200][gc,start      ] GC(8) Pause Young (Normal) (G1 Evacuation Pause)
[2020-01-23T03:27:23.499+0200][gc,task       ] GC(8) Using 8 workers of 8 for evacuation
[2020-01-23T03:27:23.516+0200][gc,phases     ] GC(8)   Pre Evacuate Collection Set: 0,0ms
[2020-01-23T03:27:23.516+0200][gc,phases     ] GC(8)   Evacuate Collection Set: 12,1ms
[2020-01-23T03:27:23.516+0200][gc,phases     ] GC(8)   Post Evacuate Collection Set: 5,3ms
[2020-01-23T03:27:23.517+0200][gc,phases     ] GC(8)   Other: 0,5ms
[2020-01-23T03:27:23.517+0200][gc,heap       ] GC(8) Eden regions: 46->0(47)
[2020-01-23T03:27:23.517+0200][gc,heap       ] GC(8) Survivor regions: 5->4(7)
[2020-01-23T03:27:23.517+0200][gc,heap       ] GC(8) Old regions: 14->15
[2020-01-23T03:27:23.517+0200][gc,heap       ] GC(8) Humongous regions: 129->129
[2020-01-23T03:27:23.517+0200][gc,metaspace  ] GC(8) Metaspace: 39964K->39964K(1085440K)
[2020-01-23T03:27:23.517+0200][gc            ] GC(8) Pause Young (Normal) (G1 Evacuation Pause) 191M->145M(1024M) 18,332ms
[2020-01-23T03:27:23.517+0200][gc,cpu        ] GC(8) User=0,11s Sys=0,00s Real=0,02s
[2020-01-23T03:38:53.519+0200][gc,start      ] GC(9) Pause Young (Normal) (G1 Evacuation Pause)
[2020-01-23T03:38:53.520+0200][gc,task       ] GC(9) Using 8 workers of 8 for evacuation
[2020-01-23T03:38:53.527+0200][gc,phases     ] GC(9)   Pre Evacuate Collection Set: 0,1ms
[2020-01-23T03:38:53.527+0200][gc,phases     ] GC(9)   Evacuate Collection Set: 6,7ms
[2020-01-23T03:38:53.527+0200][gc,phases     ] GC(9)   Post Evacuate Collection Set: 0,7ms
[2020-01-23T03:38:53.527+0200][gc,phases     ] GC(9)   Other: 0,5ms
[2020-01-23T03:38:53.527+0200][gc,heap       ] GC(9) Eden regions: 47->0(47)
[2020-01-23T03:38:53.527+0200][gc,heap       ] GC(9) Survivor regions: 4->4(7)
[2020-01-23T03:38:53.527+0200][gc,heap       ] GC(9) Old regions: 15->15
[2020-01-23T03:38:53.527+0200][gc,heap       ] GC(9) Humongous regions: 129->129
[2020-01-23T03:38:53.527+0200][gc,metaspace  ] GC(9) Metaspace: 40196K->40196K(1085440K)
[2020-01-23T03:38:53.528+0200][gc            ] GC(9) Pause Young (Normal) (G1 Evacuation Pause) 192M->145M(1024M) 7,942ms
[2020-01-23T03:38:53.528+0200][gc,cpu        ] GC(9) User=0,05s Sys=0,00s Real=0,01s
[2020-01-23T03:44:17.480+0200][gc,heap,exit  ] Heap
[2020-01-23T03:44:17.480+0200][gc,heap,exit  ]  garbage-first heap   total 1048576K, used 176944K [0x00000000c0000000, 0x0000000100000000)
[2020-01-23T03:44:17.480+0200][gc,heap,exit  ]   region size 1024K, 32 young (32768K), 4 survivors (4096K)
[2020-01-23T03:44:17.480+0200][gc,heap,exit  ]  Metaspace       used 40943K, capacity 43767K, committed 43904K, reserved 1085440K
[2020-01-23T03:44:17.480+0200][gc,heap,exit  ]   class space    used 5853K, capacity 7206K, committed 7296K, reserved 1048576K
