[2020-01-23T02:51:19.033+0200][gc,heap] Heap region size: 1M
[2020-01-23T02:51:19.038+0200][gc     ] Using G1
[2020-01-23T02:51:19.038+0200][gc,heap,coops] Heap address: 0x00000000e0000000, size: 512 MB, Compressed Oops mode: 32-bit
[2020-01-23T02:51:19.038+0200][gc,cds       ] Mark closed archive regions in map: [0x00000000fff00000, 0x00000000fff69ff8]
[2020-01-23T02:51:19.038+0200][gc,cds       ] Mark open archive regions in map: [0x00000000ffe00000, 0x00000000ffe43ff8]
[2020-01-23T02:51:22.732+0200][gc,start     ] GC(0) Pause Young (Normal) (G1 Evacuation Pause)
[2020-01-23T02:51:22.733+0200][gc,task      ] GC(0) Using 8 workers of 8 for evacuation
[2020-01-23T02:51:22.742+0200][gc,phases    ] GC(0)   Pre Evacuate Collection Set: 0,0ms
[2020-01-23T02:51:22.742+0200][gc,phases    ] GC(0)   Evacuate Collection Set: 8,4ms
[2020-01-23T02:51:22.742+0200][gc,phases    ] GC(0)   Post Evacuate Collection Set: 0,5ms
[2020-01-23T02:51:22.742+0200][gc,phases    ] GC(0)   Other: 0,7ms
[2020-01-23T02:51:22.742+0200][gc,heap      ] GC(0) Eden regions: 25->0(21)
[2020-01-23T02:51:22.742+0200][gc,heap      ] GC(0) Survivor regions: 0->4(4)
[2020-01-23T02:51:22.742+0200][gc,heap      ] GC(0) Old regions: 2->4
[2020-01-23T02:51:22.742+0200][gc,heap      ] GC(0) Humongous regions: 0->0
[2020-01-23T02:51:22.742+0200][gc,metaspace ] GC(0) Metaspace: 7554K->7554K(1056768K)
[2020-01-23T02:51:22.742+0200][gc           ] GC(0) Pause Young (Normal) (G1 Evacuation Pause) 25M->6M(512M) 9,720ms
[2020-01-23T02:51:22.742+0200][gc,cpu       ] GC(0) User=0,06s Sys=0,00s Real=0,01s
[2020-01-23T03:44:18.846+0200][gc,heap,exit ] Heap
[2020-01-23T03:44:18.847+0200][gc,heap,exit ]  garbage-first heap   total 524288K, used 17476K [0x00000000e0000000, 0x0000000100000000)
[2020-01-23T03:44:18.847+0200][gc,heap,exit ]   region size 1024K, 16 young (16384K), 4 survivors (4096K)
[2020-01-23T03:44:18.847+0200][gc,heap,exit ]  Metaspace       used 8229K, capacity 8555K, committed 8704K, reserved 1056768K
[2020-01-23T03:44:18.847+0200][gc,heap,exit ]   class space    used 887K, capacity 1002K, committed 1024K, reserved 1048576K
