[2020-01-23T03:46:51.684+0200][gc,heap] Heap region size: 1M
[2020-01-23T03:46:51.691+0200][gc     ] Using G1
[2020-01-23T03:46:51.691+0200][gc,heap,coops] Heap address: 0x00000000e0000000, size: 512 MB, Compressed Oops mode: 32-bit
[2020-01-23T03:46:51.691+0200][gc,cds       ] Mark closed archive regions in map: [0x00000000fff00000, 0x00000000fff69ff8]
[2020-01-23T03:46:51.691+0200][gc,cds       ] Mark open archive regions in map: [0x00000000ffe00000, 0x00000000ffe43ff8]
[2020-01-23T03:46:52.437+0200][gc,heap,exit ] Heap
[2020-01-23T03:46:52.437+0200][gc,heap,exit ]  garbage-first heap   total 524288K, used 25272K [0x00000000e0000000, 0x0000000100000000)
[2020-01-23T03:46:52.437+0200][gc,heap,exit ]   region size 1024K, 25 young (25600K), 0 survivors (0K)
[2020-01-23T03:46:52.437+0200][gc,heap,exit ]  Metaspace       used 7373K, capacity 7659K, committed 7936K, reserved 1056768K
[2020-01-23T03:46:52.437+0200][gc,heap,exit ]   class space    used 841K, capacity 938K, committed 1024K, reserved 1048576K
